<unittest.runner.TextTestResult run=3 errors=0 failures=0>
